20:55:27 基线已保存 /var/lib/mrvd/fan-table-baseline.json: split=0x00 enable=0x00
   {"time": "2026-09-25 20:55:27", "split": 0, "enable": 0, "table": [0, 0, 0, 0, 0, 0, 0, 0, 0, 0, 0, 0, 0, 0, 0, 0, 0, 0, 0, 0, 0, 0, 0, 0, 0, 0, 0, 0, 0, 0, 0, 0, 0, 0, 0, 0, 0, 0, 0, 0, 0, 0, 0, 0, 0, 0, 0, 0, 0, 0, 0, 0, 0, 0, 0, 0, 0, 0, 0, 0, 0, 0, 0, 0, 0, 0, 0, 0, 0, 0, 0, 0, 0, 0, 0, 0, 0, 0, 0, 0, 0, 0, 0, 0, 0, 0, 0, 0, 0, 0, 0, 0, 0, 0, 0, 0]}
20:55:27 看门狗 pid=996737: 60s 后无条件恢复
20:55:27 == 基线观测
20:55:27   [基线] CPU 64.0°C GPU 47.0°C  fan 2793/2771 RPM  pwm 132/132
   {"t": 1790340927.6, "cpu": 64.0, "gpu": 47.0, "fan1": 2793, "fan2": 2771, "pwm1": 132, "pwm2": 132, "phase": "基线"}
20:55:28   [基线] CPU 64.0°C GPU 47.0°C  fan 2796/2775 RPM  pwm 132/132
   {"t": 1790340928.7, "cpu": 64.0, "gpu": 47.0, "fan1": 2796, "fan2": 2775, "pwm1": 132, "pwm2": 132, "phase": "基线"}
20:55:29   [基线] CPU 64.0°C GPU 47.0°C  fan 2789/2767 RPM  pwm 132/132
   {"t": 1790340929.8, "cpu": 64.0, "gpu": 47.0, "fan1": 2789, "fan2": 2767, "pwm1": 132, "pwm2": 132, "phase": "基线"}
20:55:30   [基线] CPU 64.0°C GPU 47.0°C  fan 2796/2771 RPM  pwm 132/132
   {"t": 1790340930.9, "cpu": 64.0, "gpu": 47.0, "fan1": 2796, "fan2": 2771, "pwm1": 132, "pwm2": 132, "phase": "基线"}
20:55:31 == 阶段 1: 写满速表 (200/200) 并启用
20:55:33    已写入: split=0x80 enable=0x04
20:55:33   [满速] CPU 64.0°C GPU 47.0°C  fan 2800/2767 RPM  pwm 132/132
   {"t": 1790340933.0, "cpu": 64.0, "gpu": 47.0, "fan1": 2800, "fan2": 2767, "pwm1": 132, "pwm2": 132, "phase": "满速"}
20:55:34   [满速] CPU 64.0°C GPU 47.0°C  fan 2793/2775 RPM  pwm 132/132
   {"t": 1790340934.2, "cpu": 64.0, "gpu": 47.0, "fan1": 2793, "fan2": 2775, "pwm1": 132, "pwm2": 132, "phase": "满速"}
20:55:35   [满速] CPU 64.0°C GPU 47.0°C  fan 2800/2764 RPM  pwm 132/132
   {"t": 1790340935.3, "cpu": 64.0, "gpu": 47.0, "fan1": 2800, "fan2": 2764, "pwm1": 132, "pwm2": 132, "phase": "满速"}
20:55:36   [满速] CPU 64.0°C GPU 47.0°C  fan 2793/2771 RPM  pwm 132/132
   {"t": 1790340936.4, "cpu": 64.0, "gpu": 47.0, "fan1": 2793, "fan2": 2771, "pwm1": 132, "pwm2": 132, "phase": "满速"}
20:55:37   [满速] CPU 64.0°C GPU 47.0°C  fan 2796/2775 RPM  pwm 132/132
   {"t": 1790340937.4, "cpu": 64.0, "gpu": 47.0, "fan1": 2796, "fan2": 2775, "pwm1": 132, "pwm2": 132, "phase": "满速"}
20:55:38   [满速] CPU 64.0°C GPU 47.0°C  fan 2800/2771 RPM  pwm 132/132
   {"t": 1790340938.5, "cpu": 64.0, "gpu": 47.0, "fan1": 2800, "fan2": 2771, "pwm1": 132, "pwm2": 132, "phase": "满速"}
20:55:39   [满速] CPU 64.0°C GPU 47.0°C  fan 2793/2775 RPM  pwm 132/132
   {"t": 1790340939.6, "cpu": 64.0, "gpu": 47.0, "fan1": 2793, "fan2": 2775, "pwm1": 132, "pwm2": 132, "phase": "满速"}
20:55:40   [满速] CPU 64.0°C GPU 47.0°C  fan 2796/2775 RPM  pwm 132/132
   {"t": 1790340940.7, "cpu": 64.0, "gpu": 47.0, "fan1": 2796, "fan2": 2775, "pwm1": 132, "pwm2": 132, "phase": "满速"}
20:55:41   [满速] CPU 64.0°C GPU 47.0°C  fan 2789/2778 RPM  pwm 132/132
   {"t": 1790340941.8, "cpu": 64.0, "gpu": 47.0, "fan1": 2789, "fan2": 2778, "pwm1": 132, "pwm2": 132, "phase": "满速"}
20:55:43   [满速] CPU 64.0°C GPU 47.0°C  fan 2796/2778 RPM  pwm 132/132
   {"t": 1790340942.9, "cpu": 64.0, "gpu": 47.0, "fan1": 2796, "fan2": 2778, "pwm1": 132, "pwm2": 132, "phase": "满速"}
20:55:44   [满速] CPU 64.0°C GPU 47.0°C  fan 2796/2771 RPM  pwm 132/132
   {"t": 1790340944.0, "cpu": 64.0, "gpu": 47.0, "fan1": 2796, "fan2": 2771, "pwm1": 132, "pwm2": 132, "phase": "满速"}
20:55:45   [满速] CPU 64.0°C GPU 47.0°C  fan 2800/2771 RPM  pwm 132/132
   {"t": 1790340945.2, "cpu": 64.0, "gpu": 47.0, "fan1": 2800, "fan2": 2771, "pwm1": 132, "pwm2": 132, "phase": "满速"}
20:55:46    主风扇 2794 -> 2795 RPM: 未见明显变化
20:55:46 == 恢复基线
20:55:47    读回校验: 一致 split=0x00 enable=0x00
20:55:47    看门狗已取消
20:55:47   [恢复后] CPU 64.0°C GPU 47.0°C  fan 2796/2771 RPM  pwm 132/132
   {"t": 1790340947.3, "cpu": 64.0, "gpu": 47.0, "fan1": 2796, "fan2": 2771, "pwm1": 132, "pwm2": 132, "phase": "恢复后"}
20:55:48   [恢复后] CPU 64.0°C GPU 47.0°C  fan 2793/2767 RPM  pwm 132/132
   {"t": 1790340948.4, "cpu": 64.0, "gpu": 47.0, "fan1": 2793, "fan2": 2767, "pwm1": 132, "pwm2": 132, "phase": "恢复后"}
20:55:49   [恢复后] CPU 64.0°C GPU 47.0°C  fan 2796/2771 RPM  pwm 132/132
   {"t": 1790340949.5, "cpu": 64.0, "gpu": 47.0, "fan1": 2796, "fan2": 2771, "pwm1": 132, "pwm2": 132, "phase": "恢复后"}
20:55:50   [恢复后] CPU 64.0°C GPU 47.0°C  fan 2800/2771 RPM  pwm 132/132
   {"t": 1790340950.6, "cpu": 64.0, "gpu": 47.0, "fan1": 2800, "fan2": 2771, "pwm1": 132, "pwm2": 132, "phase": "恢复后"}
20:55:51   [恢复后] CPU 64.0°C GPU 47.0°C  fan 2800/2775 RPM  pwm 132/132
   {"t": 1790340951.7, "cpu": 64.0, "gpu": 47.0, "fan1": 2800, "fan2": 2775, "pwm1": 132, "pwm2": 132, "phase": "恢复后"}
20:55:52   [恢复后] CPU 64.0°C GPU 47.0°C  fan 2796/2775 RPM  pwm 132/132
   {"t": 1790340952.8, "cpu": 64.0, "gpu": 47.0, "fan1": 2796, "fan2": 2775, "pwm1": 132, "pwm2": 132, "phase": "恢复后"}
20:55:53 结果: {"full_effective": false, "mid_follows": null, "restored": true}
