21:19:29 写入通道 wmi; 基线已保存 /var/lib/mrvd/fan-table-baseline.json
   {"time": "2026-09-25 21:19:29", "via": "wmi", "split": 0, "enable": 0, "table": [0, 0, 0, 0, 0, 0, 0, 0, 0, 0, 0, 0, 0, 0, 0, 0, 0, 0, 0, 0, 0, 0, 0, 0, 0, 0, 0, 0, 0, 0, 0, 0, 0, 0, 0, 0, 0, 0, 0, 0, 0, 0, 0, 0, 0, 0, 0, 0, 0, 0, 0, 0, 0, 0, 0, 0, 0, 0, 0, 0, 0, 0, 0, 0, 0, 0, 0, 0, 0, 0, 0, 0, 0, 0, 0, 0, 0, 0, 0, 0, 0, 0, 0, 0, 0, 0, 0, 0, 0, 0, 0, 0, 0, 0, 0, 0], "kind": "manual", "mode": 160, "ap_oem": 132}
21:19:29 看门狗 pid=1081298: 90s 后无条件恢复
21:19:29 == 基线观测
21:19:30   [基线] CPU 64.0°C GPU 47.0°C  fan 2796/2771 RPM  pwm 132/132
   {"t": 1790342370.0, "cpu": 64.0, "gpu": 47.0, "fan1": 2796, "fan2": 2771, "pwm1": 132, "pwm2": 132, "phase": "基线"}
21:19:31   [基线] CPU 64.0°C GPU 47.0°C  fan 2796/2764 RPM  pwm 132/132
   {"t": 1790342371.1, "cpu": 64.0, "gpu": 47.0, "fan1": 2796, "fan2": 2764, "pwm1": 132, "pwm2": 132, "phase": "基线"}
21:19:32   [基线] CPU 64.0°C GPU 47.0°C  fan 2796/2771 RPM  pwm 132/132
   {"t": 1790342372.2, "cpu": 64.0, "gpu": 47.0, "fan1": 2796, "fan2": 2771, "pwm1": 132, "pwm2": 132, "phase": "基线"}
21:19:33   [基线] CPU 64.0°C GPU 47.0°C  fan 2796/2767 RPM  pwm 132/132
   {"t": 1790342373.3, "cpu": 64.0, "gpu": 47.0, "fan1": 2796, "fan2": 2767, "pwm1": 132, "pwm2": 132, "phase": "基线"}
21:19:34 == 写单调单区间表, 区间 0 转速 100, 占位区间同值; 启用
21:19:41   [表100] CPU 64.0°C GPU 47.0°C  fan 2793/2671 RPM  pwm 132/0
   {"t": 1790342381.4, "cpu": 64.0, "gpu": 47.0, "fan1": 2793, "fan2": 2671, "pwm1": 132, "pwm2": 0, "phase": "表100"}
21:19:42   [表100] CPU 64.0°C GPU 47.0°C  fan 2796/1171 RPM  pwm 132/0
   {"t": 1790342382.5, "cpu": 64.0, "gpu": 47.0, "fan1": 2796, "fan2": 1171, "pwm1": 132, "pwm2": 0, "phase": "表100"}
21:19:42 !! 中止: 风扇转速 2796/1171 RPM 低于 1500, 疑似停转
21:19:42 == 恢复基线
21:19:49    读回校验: 一致 
21:19:49    看门狗已取消
21:19:49   [恢复后] CPU 64.0°C GPU 47.0°C  fan 2796/2771 RPM  pwm 132/132
   {"t": 1790342389.6, "cpu": 64.0, "gpu": 47.0, "fan1": 2796, "fan2": 2771, "pwm1": 132, "pwm2": 132, "phase": "恢复后"}
21:19:50   [恢复后] CPU 64.0°C GPU 47.0°C  fan 2800/2771 RPM  pwm 132/132
   {"t": 1790342390.7, "cpu": 64.0, "gpu": 47.0, "fan1": 2800, "fan2": 2771, "pwm1": 132, "pwm2": 132, "phase": "恢复后"}
21:19:51   [恢复后] CPU 64.0°C GPU 47.0°C  fan 2796/2771 RPM  pwm 132/132
   {"t": 1790342391.8, "cpu": 64.0, "gpu": 47.0, "fan1": 2796, "fan2": 2771, "pwm1": 132, "pwm2": 132, "phase": "恢复后"}
21:19:52   [恢复后] CPU 64.0°C GPU 47.0°C  fan 2793/2764 RPM  pwm 132/132
   {"t": 1790342392.9, "cpu": 64.0, "gpu": 47.0, "fan1": 2793, "fan2": 2764, "pwm1": 132, "pwm2": 132, "phase": "恢复后"}
21:19:54   [恢复后] CPU 64.0°C GPU 47.0°C  fan 2796/2771 RPM  pwm 132/132
   {"t": 1790342394.0, "cpu": 64.0, "gpu": 47.0, "fan1": 2796, "fan2": 2771, "pwm1": 132, "pwm2": 132, "phase": "恢复后"}
21:19:55   [恢复后] CPU 64.0°C GPU 47.0°C  fan 2796/2775 RPM  pwm 132/132
   {"t": 1790342395.1, "cpu": 64.0, "gpu": 47.0, "fan1": 2796, "fan2": 2775, "pwm1": 132, "pwm2": 132, "phase": "恢复后"}
21:19:56   [恢复后] CPU 64.0°C GPU 47.0°C  fan 2796/2767 RPM  pwm 132/132
   {"t": 1790342396.3, "cpu": 64.0, "gpu": 47.0, "fan1": 2796, "fan2": 2767, "pwm1": 132, "pwm2": 132, "phase": "恢复后"}
21:19:57   [恢复后] CPU 64.0°C GPU 47.0°C  fan 2796/2767 RPM  pwm 132/132
   {"t": 1790342397.4, "cpu": 64.0, "gpu": 47.0, "fan1": 2796, "fan2": 2767, "pwm1": 132, "pwm2": 132, "phase": "恢复后"}
21:19:58 结果: {"speed_value": 100, "cpu_pwm": null, "gpu_pwm": null, "restored": true}
