21:08:43 写入通道 wmi; 基线已保存 /var/lib/mrvd/fan-table-baseline.json
   {"time": "2026-09-25 21:08:43", "via": "wmi", "split": 0, "enable": 0, "table": [0, 0, 0, 0, 0, 0, 0, 0, 0, 0, 0, 0, 0, 0, 0, 0, 0, 0, 0, 0, 0, 0, 0, 0, 0, 0, 0, 0, 0, 0, 0, 0, 0, 0, 0, 0, 0, 0, 0, 0, 0, 0, 0, 0, 0, 0, 0, 0, 0, 0, 0, 0, 0, 0, 0, 0, 0, 0, 0, 0, 0, 0, 0, 0, 0, 0, 0, 0, 0, 0, 0, 0, 0, 0, 0, 0, 0, 0, 0, 0, 0, 0, 0, 0, 0, 0, 0, 0, 0, 0, 0, 0, 0, 0, 0, 0], "kind": "manual", "mode": 160, "ap_oem": 132}
21:08:43 看门狗 pid=1042449: 90s 后无条件恢复
21:08:43 == 基线观测
21:08:43   [基线] CPU 64.0°C GPU 47.0°C  fan 2800/2771 RPM  pwm 132/132
   {"t": 1790341723.1, "cpu": 64.0, "gpu": 47.0, "fan1": 2800, "fan2": 2771, "pwm1": 132, "pwm2": 132, "phase": "基线"}
21:08:44   [基线] CPU 64.0°C GPU 47.0°C  fan 2800/2771 RPM  pwm 132/132
   {"t": 1790341724.2, "cpu": 64.0, "gpu": 47.0, "fan1": 2800, "fan2": 2771, "pwm1": 132, "pwm2": 132, "phase": "基线"}
21:08:45   [基线] CPU 64.0°C GPU 47.0°C  fan 2800/2771 RPM  pwm 132/132
   {"t": 1790341725.3, "cpu": 64.0, "gpu": 47.0, "fan1": 2800, "fan2": 2771, "pwm1": 132, "pwm2": 132, "phase": "基线"}
21:08:46   [基线] CPU 64.0°C GPU 47.0°C  fan 2800/2775 RPM  pwm 132/132
   {"t": 1790341726.4, "cpu": 64.0, "gpu": 47.0, "fan1": 2800, "fan2": 2775, "pwm1": 132, "pwm2": 132, "phase": "基线"}
21:08:47 == 阶段 A: 置 0x0741 bit0 (当前 0x84)
21:08:47   [AP 接管] CPU 64.0°C GPU 47.0°C  fan 2800/2771 RPM  pwm 132/132
   {"t": 1790341727.5, "cpu": 64.0, "gpu": 47.0, "fan1": 2800, "fan2": 2771, "pwm1": 132, "pwm2": 132, "phase": "AP 接管"}
21:08:48   [AP 接管] CPU 64.0°C GPU 47.0°C  fan 2800/2771 RPM  pwm 132/132
   {"t": 1790341728.6, "cpu": 64.0, "gpu": 47.0, "fan1": 2800, "fan2": 2771, "pwm1": 132, "pwm2": 132, "phase": "AP 接管"}
21:08:49   [AP 接管] CPU 64.0°C GPU 47.0°C  fan 2800/2771 RPM  pwm 132/132
   {"t": 1790341729.8, "cpu": 64.0, "gpu": 47.0, "fan1": 2800, "fan2": 2771, "pwm1": 132, "pwm2": 132, "phase": "AP 接管"}
21:08:50   [AP 接管] CPU 64.0°C GPU 47.0°C  fan 2800/2767 RPM  pwm 132/132
   {"t": 1790341730.9, "cpu": 64.0, "gpu": 47.0, "fan1": 2800, "fan2": 2767, "pwm1": 132, "pwm2": 132, "phase": "AP 接管"}
21:08:52   [AP 接管] CPU 64.0°C GPU 47.0°C  fan 2796/2775 RPM  pwm 132/132
   {"t": 1790341732.0, "cpu": 64.0, "gpu": 47.0, "fan1": 2796, "fan2": 2775, "pwm1": 132, "pwm2": 132, "phase": "AP 接管"}
21:08:53 == 阶段 B: 写满速表并启用 (WMI)
21:09:00   [表满速] CPU 64.0°C GPU 47.0°C  fan 2800/2775 RPM  pwm 132/0
   {"t": 1790341740.0, "cpu": 64.0, "gpu": 47.0, "fan1": 2800, "fan2": 2775, "pwm1": 132, "pwm2": 0, "phase": "表满速"}
21:09:01   [表满速] CPU 64.0°C GPU 47.0°C  fan 2800/1850 RPM  pwm 132/0
   {"t": 1790341741.1, "cpu": 64.0, "gpu": 47.0, "fan1": 2800, "fan2": 1850, "pwm1": 132, "pwm2": 0, "phase": "表满速"}
21:09:02   [表满速] CPU 64.0°C GPU 47.0°C  fan 2803/919 RPM  pwm 132/0
   {"t": 1790341742.2, "cpu": 64.0, "gpu": 47.0, "fan1": 2803, "fan2": 919, "pwm1": 132, "pwm2": 0, "phase": "表满速"}
21:09:02 !! 中止: 风扇转速 2803/919 RPM 低于 1500, 疑似停转
21:09:02 == 恢复基线
21:09:09    读回校验: 一致 
21:09:09    看门狗已取消
21:09:09   [恢复后] CPU 65.0°C GPU 47.0°C  fan 2800/2771 RPM  pwm 132/132
   {"t": 1790341749.4, "cpu": 65.0, "gpu": 47.0, "fan1": 2800, "fan2": 2771, "pwm1": 132, "pwm2": 132, "phase": "恢复后"}
21:09:10   [恢复后] CPU 65.0°C GPU 47.0°C  fan 2800/2775 RPM  pwm 132/132
   {"t": 1790341750.5, "cpu": 65.0, "gpu": 47.0, "fan1": 2800, "fan2": 2775, "pwm1": 132, "pwm2": 132, "phase": "恢复后"}
21:09:11   [恢复后] CPU 65.0°C GPU 47.0°C  fan 2800/2775 RPM  pwm 132/132
   {"t": 1790341751.6, "cpu": 65.0, "gpu": 47.0, "fan1": 2800, "fan2": 2775, "pwm1": 132, "pwm2": 132, "phase": "恢复后"}
21:09:12   [恢复后] CPU 65.0°C GPU 47.0°C  fan 2796/2767 RPM  pwm 132/132
   {"t": 1790341752.6, "cpu": 65.0, "gpu": 47.0, "fan1": 2796, "fan2": 2767, "pwm1": 132, "pwm2": 132, "phase": "恢复后"}
21:09:13   [恢复后] CPU 65.0°C GPU 47.0°C  fan 2829/2811 RPM  pwm 136/136
   {"t": 1790341753.8, "cpu": 65.0, "gpu": 47.0, "fan1": 2829, "fan2": 2811, "pwm1": 136, "pwm2": 136, "phase": "恢复后"}
21:09:14   [恢复后] CPU 65.0°C GPU 47.0°C  fan 2898/2882 RPM  pwm 140/140
   {"t": 1790341754.9, "cpu": 65.0, "gpu": 47.0, "fan1": 2898, "fan2": 2882, "pwm1": 140, "pwm2": 140, "phase": "恢复后"}
21:09:16   [恢复后] CPU 65.0°C GPU 47.0°C  fan 2929/2905 RPM  pwm 140/140
   {"t": 1790341756.0, "cpu": 65.0, "gpu": 47.0, "fan1": 2929, "fan2": 2905, "pwm1": 140, "pwm2": 140, "phase": "恢复后"}
21:09:17   [恢复后] CPU 65.0°C GPU 47.0°C  fan 2929/2905 RPM  pwm 140/140
   {"t": 1790341757.1, "cpu": 65.0, "gpu": 47.0, "fan1": 2929, "fan2": 2905, "pwm1": 140, "pwm2": 140, "phase": "恢复后"}
21:09:18 结果: {"manual_bit_side_effect": -2, "table_full_effective": null, "table_mid_follows": null, "direct_170_follows": null, "restored": true}
