21:03:35 写入通道 wmi; 基线已保存 /var/lib/mrvd/fan-table-baseline.json: split=0x00 enable=0x00
   {"time": "2026-09-25 21:03:35", "via": "wmi", "split": 0, "enable": 0, "table": [0, 0, 0, 0, 0, 0, 0, 0, 0, 0, 0, 0, 0, 0, 0, 0, 0, 0, 0, 0, 0, 0, 0, 0, 0, 0, 0, 0, 0, 0, 0, 0, 0, 0, 0, 0, 0, 0, 0, 0, 0, 0, 0, 0, 0, 0, 0, 0, 0, 0, 0, 0, 0, 0, 0, 0, 0, 0, 0, 0, 0, 0, 0, 0, 0, 0, 0, 0, 0, 0, 0, 0, 0, 0, 0, 0, 0, 0, 0, 0, 0, 0, 0, 0, 0, 0, 0, 0, 0, 0, 0, 0, 0, 0, 0, 0]}
21:03:35 看门狗 pid=1029164: 90s 后无条件恢复
21:03:35 == 基线观测
21:03:35   [基线] CPU 65.0°C GPU 47.0°C  fan 2933/2902 RPM  pwm 140/140
   {"t": 1790341415.8, "cpu": 65.0, "gpu": 47.0, "fan1": 2933, "fan2": 2902, "pwm1": 140, "pwm2": 140, "phase": "基线"}
21:03:36   [基线] CPU 65.0°C GPU 47.0°C  fan 2933/2905 RPM  pwm 140/140
   {"t": 1790341416.9, "cpu": 65.0, "gpu": 47.0, "fan1": 2933, "fan2": 2905, "pwm1": 140, "pwm2": 140, "phase": "基线"}
21:03:38   [基线] CPU 65.0°C GPU 47.0°C  fan 2933/2909 RPM  pwm 140/140
   {"t": 1790341418.0, "cpu": 65.0, "gpu": 47.0, "fan1": 2933, "fan2": 2909, "pwm1": 140, "pwm2": 140, "phase": "基线"}
21:03:39   [基线] CPU 65.0°C GPU 47.0°C  fan 2933/2902 RPM  pwm 140/140
   {"t": 1790341419.1, "cpu": 65.0, "gpu": 47.0, "fan1": 2933, "fan2": 2902, "pwm1": 140, "pwm2": 140, "phase": "基线"}
21:03:40 == 阶段 1: 写满速表 (200/200) 并启用
21:03:47    已写入: split=0x80 enable=0x04
21:03:47   [满速] CPU 65.0°C GPU 47.0°C  fan 2937/2898 RPM  pwm 140/140
   {"t": 1790341427.1, "cpu": 65.0, "gpu": 47.0, "fan1": 2937, "fan2": 2898, "pwm1": 140, "pwm2": 140, "phase": "满速"}
21:03:48   [满速] CPU 65.0°C GPU 47.0°C  fan 2929/2898 RPM  pwm 140/140
   {"t": 1790341428.2, "cpu": 65.0, "gpu": 47.0, "fan1": 2929, "fan2": 2898, "pwm1": 140, "pwm2": 140, "phase": "满速"}
21:03:49   [满速] CPU 65.0°C GPU 47.0°C  fan 2929/2902 RPM  pwm 140/140
   {"t": 1790341429.3, "cpu": 65.0, "gpu": 47.0, "fan1": 2929, "fan2": 2902, "pwm1": 140, "pwm2": 140, "phase": "满速"}
21:03:50   [满速] CPU 65.0°C GPU 47.0°C  fan 2937/2898 RPM  pwm 140/140
   {"t": 1790341430.4, "cpu": 65.0, "gpu": 47.0, "fan1": 2937, "fan2": 2898, "pwm1": 140, "pwm2": 140, "phase": "满速"}
21:03:51   [满速] CPU 65.0°C GPU 47.0°C  fan 2929/2909 RPM  pwm 140/140
   {"t": 1790341431.6, "cpu": 65.0, "gpu": 47.0, "fan1": 2929, "fan2": 2909, "pwm1": 140, "pwm2": 140, "phase": "满速"}
21:03:52   [满速] CPU 65.0°C GPU 47.0°C  fan 2937/2894 RPM  pwm 140/140
   {"t": 1790341432.7, "cpu": 65.0, "gpu": 47.0, "fan1": 2937, "fan2": 2894, "pwm1": 140, "pwm2": 140, "phase": "满速"}
21:03:53   [满速] CPU 65.0°C GPU 47.0°C  fan 2933/2905 RPM  pwm 140/140
   {"t": 1790341433.7, "cpu": 65.0, "gpu": 47.0, "fan1": 2933, "fan2": 2905, "pwm1": 140, "pwm2": 140, "phase": "满速"}
21:03:54   [满速] CPU 65.0°C GPU 47.0°C  fan 2933/2905 RPM  pwm 140/140
   {"t": 1790341434.9, "cpu": 65.0, "gpu": 47.0, "fan1": 2933, "fan2": 2905, "pwm1": 140, "pwm2": 140, "phase": "满速"}
21:03:56   [满速] CPU 65.0°C GPU 47.0°C  fan 2933/2894 RPM  pwm 140/140
   {"t": 1790341436.0, "cpu": 65.0, "gpu": 47.0, "fan1": 2933, "fan2": 2894, "pwm1": 140, "pwm2": 140, "phase": "满速"}
21:03:57   [满速] CPU 65.0°C GPU 47.0°C  fan 2933/2905 RPM  pwm 140/140
   {"t": 1790341437.1, "cpu": 65.0, "gpu": 47.0, "fan1": 2933, "fan2": 2905, "pwm1": 140, "pwm2": 140, "phase": "满速"}
21:03:58   [满速] CPU 65.0°C GPU 47.0°C  fan 2933/2902 RPM  pwm 140/140
   {"t": 1790341438.1, "cpu": 65.0, "gpu": 47.0, "fan1": 2933, "fan2": 2902, "pwm1": 140, "pwm2": 140, "phase": "满速"}
21:03:59   [满速] CPU 65.0°C GPU 47.0°C  fan 2929/2902 RPM  pwm 140/140
   {"t": 1790341439.2, "cpu": 65.0, "gpu": 47.0, "fan1": 2929, "fan2": 2902, "pwm1": 140, "pwm2": 140, "phase": "满速"}
21:04:00    主风扇 2933 -> 2932 RPM: 未见明显变化
21:04:00 == 恢复基线
21:04:07    读回校验: 一致 split=0x00 enable=0x00
21:04:07    看门狗已取消
21:04:07   [恢复后] CPU 65.0°C GPU 47.0°C  fan 2925/2898 RPM  pwm 140/140
   {"t": 1790341447.3, "cpu": 65.0, "gpu": 47.0, "fan1": 2925, "fan2": 2898, "pwm1": 140, "pwm2": 140, "phase": "恢复后"}
21:04:08   [恢复后] CPU 65.0°C GPU 47.0°C  fan 2933/2898 RPM  pwm 140/140
   {"t": 1790341448.4, "cpu": 65.0, "gpu": 47.0, "fan1": 2933, "fan2": 2898, "pwm1": 140, "pwm2": 140, "phase": "恢复后"}
21:04:09   [恢复后] CPU 65.0°C GPU 47.0°C  fan 2925/2905 RPM  pwm 140/140
   {"t": 1790341449.5, "cpu": 65.0, "gpu": 47.0, "fan1": 2925, "fan2": 2905, "pwm1": 140, "pwm2": 140, "phase": "恢复后"}
21:04:10   [恢复后] CPU 65.0°C GPU 47.0°C  fan 2937/2898 RPM  pwm 140/140
   {"t": 1790341450.6, "cpu": 65.0, "gpu": 47.0, "fan1": 2937, "fan2": 2898, "pwm1": 140, "pwm2": 140, "phase": "恢复后"}
21:04:11   [恢复后] CPU 65.0°C GPU 47.0°C  fan 2933/2898 RPM  pwm 140/140
   {"t": 1790341451.7, "cpu": 65.0, "gpu": 47.0, "fan1": 2933, "fan2": 2898, "pwm1": 140, "pwm2": 140, "phase": "恢复后"}
21:04:12   [恢复后] CPU 65.0°C GPU 47.0°C  fan 2929/2902 RPM  pwm 140/140
   {"t": 1790341452.7, "cpu": 65.0, "gpu": 47.0, "fan1": 2929, "fan2": 2902, "pwm1": 140, "pwm2": 140, "phase": "恢复后"}
21:04:13 结果: {"full_effective": false, "mid_follows": null, "restored": true}
