21:20:39 写入通道 wmi; 基线已保存 /var/lib/mrvd/fan-table-baseline.json
   {"time": "2026-09-25 21:20:39", "via": "wmi", "split": 0, "enable": 0, "table": [0, 0, 0, 0, 0, 0, 0, 0, 0, 0, 0, 0, 0, 0, 0, 0, 0, 0, 0, 0, 0, 0, 0, 0, 0, 0, 0, 0, 0, 0, 0, 0, 0, 0, 0, 0, 0, 0, 0, 0, 0, 0, 0, 0, 0, 0, 0, 0, 0, 0, 0, 0, 0, 0, 0, 0, 0, 0, 0, 0, 0, 0, 0, 0, 0, 0, 0, 0, 0, 0, 0, 0, 0, 0, 0, 0, 0, 0, 0, 0, 0, 0, 0, 0, 0, 0, 0, 0, 0, 0, 0, 0, 0, 0, 0, 0], "kind": "manual", "mode": 160, "ap_oem": 128}
21:20:39 看门狗 pid=1084315: 90s 后无条件恢复
21:20:39 == 基线观测
21:20:39   [基线] CPU 64.0°C GPU 47.0°C  fan 2796/2775 RPM  pwm 132/132
   {"t": 1790342439.7, "cpu": 64.0, "gpu": 47.0, "fan1": 2796, "fan2": 2775, "pwm1": 132, "pwm2": 132, "phase": "基线"}
21:20:40   [基线] CPU 64.0°C GPU 47.0°C  fan 2796/2771 RPM  pwm 132/132
   {"t": 1790342440.8, "cpu": 64.0, "gpu": 47.0, "fan1": 2796, "fan2": 2771, "pwm1": 132, "pwm2": 132, "phase": "基线"}
21:20:41   [基线] CPU 64.0°C GPU 47.0°C  fan 2796/2775 RPM  pwm 132/132
   {"t": 1790342441.9, "cpu": 64.0, "gpu": 47.0, "fan1": 2796, "fan2": 2775, "pwm1": 132, "pwm2": 132, "phase": "基线"}
21:20:43   [基线] CPU 64.0°C GPU 47.0°C  fan 2793/2771 RPM  pwm 132/132
   {"t": 1790342443.0, "cpu": 64.0, "gpu": 47.0, "fan1": 2793, "fan2": 2771, "pwm1": 132, "pwm2": 132, "phase": "基线"}
21:20:44 == 写 16 段连续曲线 (20-116°C, 转速 150), 双表分离=1; 启用
21:20:51   [曲线150] CPU 64.0°C GPU 47.0°C  fan 2796/2767 RPM  pwm 132/0
   {"t": 1790342451.3, "cpu": 64.0, "gpu": 47.0, "fan1": 2796, "fan2": 2767, "pwm1": 132, "pwm2": 0, "phase": "曲线150"}
21:20:52   [曲线150] CPU 64.0°C GPU 47.0°C  fan 2789/1846 RPM  pwm 132/0
   {"t": 1790342452.4, "cpu": 64.0, "gpu": 47.0, "fan1": 2789, "fan2": 1846, "pwm1": 132, "pwm2": 0, "phase": "曲线150"}
21:20:53   [曲线150] CPU 64.0°C GPU 47.0°C  fan 2796/912 RPM  pwm 132/0
   {"t": 1790342453.5, "cpu": 64.0, "gpu": 47.0, "fan1": 2796, "fan2": 912, "pwm1": 132, "pwm2": 0, "phase": "曲线150"}
21:20:53 !! 中止: 风扇转速 2796/912 RPM 低于 1500, 疑似停转
21:20:53 == 恢复基线
21:21:00    读回校验: 一致 
21:21:00    看门狗已取消
21:21:00   [恢复后] CPU 65.0°C GPU 47.0°C  fan 2796/2775 RPM  pwm 132/132
   {"t": 1790342460.8, "cpu": 65.0, "gpu": 47.0, "fan1": 2796, "fan2": 2775, "pwm1": 132, "pwm2": 132, "phase": "恢复后"}
21:21:01   [恢复后] CPU 65.0°C GPU 47.0°C  fan 2796/2764 RPM  pwm 132/132
   {"t": 1790342461.9, "cpu": 65.0, "gpu": 47.0, "fan1": 2796, "fan2": 2764, "pwm1": 132, "pwm2": 132, "phase": "恢复后"}
21:21:03   [恢复后] CPU 65.0°C GPU 47.0°C  fan 2796/2771 RPM  pwm 132/132
   {"t": 1790342462.9, "cpu": 65.0, "gpu": 47.0, "fan1": 2796, "fan2": 2771, "pwm1": 132, "pwm2": 132, "phase": "恢复后"}
21:21:04   [恢复后] CPU 65.0°C GPU 47.0°C  fan 2803/2771 RPM  pwm 132/132
   {"t": 1790342464.0, "cpu": 65.0, "gpu": 47.0, "fan1": 2803, "fan2": 2771, "pwm1": 132, "pwm2": 132, "phase": "恢复后"}
21:21:05   [恢复后] CPU 65.0°C GPU 47.0°C  fan 2789/2771 RPM  pwm 132/132
   {"t": 1790342465.1, "cpu": 65.0, "gpu": 47.0, "fan1": 2789, "fan2": 2771, "pwm1": 132, "pwm2": 132, "phase": "恢复后"}
21:21:06   [恢复后] CPU 65.0°C GPU 47.0°C  fan 2800/2775 RPM  pwm 132/132
   {"t": 1790342466.3, "cpu": 65.0, "gpu": 47.0, "fan1": 2800, "fan2": 2775, "pwm1": 132, "pwm2": 132, "phase": "恢复后"}
21:21:07   [恢复后] CPU 65.0°C GPU 47.0°C  fan 2807/2789 RPM  pwm 137/137
   {"t": 1790342467.4, "cpu": 65.0, "gpu": 47.0, "fan1": 2807, "fan2": 2789, "pwm1": 137, "pwm2": 137, "phase": "恢复后"}
21:21:08   [恢复后] CPU 65.0°C GPU 47.0°C  fan 2882/2867 RPM  pwm 140/140
   {"t": 1790342468.5, "cpu": 65.0, "gpu": 47.0, "fan1": 2882, "fan2": 2867, "pwm1": 140, "pwm2": 140, "phase": "恢复后"}
21:21:09 结果: {"speed_value": 150, "split": 1, "cpu_pwm": null, "gpu_pwm": null, "restored": true}
