21:21:12 写入通道 wmi; 基线已保存 /var/lib/mrvd/fan-table-baseline.json
   {"time": "2026-09-25 21:21:12", "via": "wmi", "split": 0, "enable": 0, "table": [0, 0, 0, 0, 0, 0, 0, 0, 0, 0, 0, 0, 0, 0, 0, 0, 0, 0, 0, 0, 0, 0, 0, 0, 0, 0, 0, 0, 0, 0, 0, 0, 0, 0, 0, 0, 0, 0, 0, 0, 0, 0, 0, 0, 0, 0, 0, 0, 0, 0, 0, 0, 0, 0, 0, 0, 0, 0, 0, 0, 0, 0, 0, 0, 0, 0, 0, 0, 0, 0, 0, 0, 0, 0, 0, 0, 0, 0, 0, 0, 0, 0, 0, 0, 0, 0, 0, 0, 0, 0, 0, 0, 0, 0, 0, 0], "kind": "manual", "mode": 160, "ap_oem": 128}
21:21:12 看门狗 pid=1085670: 90s 后无条件恢复
21:21:12 == 基线观测
21:21:12   [基线] CPU 65.0°C GPU 47.0°C  fan 2929/2909 RPM  pwm 140/140
   {"t": 1790342472.6, "cpu": 65.0, "gpu": 47.0, "fan1": 2929, "fan2": 2909, "pwm1": 140, "pwm2": 140, "phase": "基线"}
21:21:13   [基线] CPU 65.0°C GPU 47.0°C  fan 2933/2905 RPM  pwm 140/140
   {"t": 1790342473.7, "cpu": 65.0, "gpu": 47.0, "fan1": 2933, "fan2": 2905, "pwm1": 140, "pwm2": 140, "phase": "基线"}
21:21:14   [基线] CPU 65.0°C GPU 47.0°C  fan 2933/2909 RPM  pwm 140/140
   {"t": 1790342474.8, "cpu": 65.0, "gpu": 47.0, "fan1": 2933, "fan2": 2909, "pwm1": 140, "pwm2": 140, "phase": "基线"}
21:21:15   [基线] CPU 65.0°C GPU 47.0°C  fan 2933/2905 RPM  pwm 140/140
   {"t": 1790342475.9, "cpu": 65.0, "gpu": 47.0, "fan1": 2933, "fan2": 2905, "pwm1": 140, "pwm2": 140, "phase": "基线"}
21:21:17 == 写 16 段连续曲线 (20-116°C, 转速 150), 双表分离=0; 启用
21:21:24   [曲线150] CPU 65.0°C GPU 47.0°C  fan 2937/2905 RPM  pwm 140/140
   {"t": 1790342484.1, "cpu": 65.0, "gpu": 47.0, "fan1": 2937, "fan2": 2905, "pwm1": 140, "pwm2": 140, "phase": "曲线150"}
21:21:25   [曲线150] CPU 65.0°C GPU 47.0°C  fan 2929/2902 RPM  pwm 140/140
   {"t": 1790342485.2, "cpu": 65.0, "gpu": 47.0, "fan1": 2929, "fan2": 2902, "pwm1": 140, "pwm2": 140, "phase": "曲线150"}
21:21:26   [曲线150] CPU 65.0°C GPU 47.0°C  fan 2937/2905 RPM  pwm 140/140
   {"t": 1790342486.4, "cpu": 65.0, "gpu": 47.0, "fan1": 2937, "fan2": 2905, "pwm1": 140, "pwm2": 140, "phase": "曲线150"}
21:21:27   [曲线150] CPU 65.0°C GPU 47.0°C  fan 2929/2905 RPM  pwm 140/140
   {"t": 1790342487.5, "cpu": 65.0, "gpu": 47.0, "fan1": 2929, "fan2": 2905, "pwm1": 140, "pwm2": 140, "phase": "曲线150"}
21:21:28   [曲线150] CPU 65.0°C GPU 47.0°C  fan 2929/2909 RPM  pwm 140/140
   {"t": 1790342488.6, "cpu": 65.0, "gpu": 47.0, "fan1": 2929, "fan2": 2909, "pwm1": 140, "pwm2": 140, "phase": "曲线150"}
21:21:29   [曲线150] CPU 65.0°C GPU 47.0°C  fan 2929/2909 RPM  pwm 140/140
   {"t": 1790342489.6, "cpu": 65.0, "gpu": 47.0, "fan1": 2929, "fan2": 2909, "pwm1": 140, "pwm2": 140, "phase": "曲线150"}
21:21:30   [曲线150] CPU 65.0°C GPU 47.0°C  fan 2929/2905 RPM  pwm 140/140
   {"t": 1790342490.7, "cpu": 65.0, "gpu": 47.0, "fan1": 2929, "fan2": 2905, "pwm1": 140, "pwm2": 140, "phase": "曲线150"}
21:21:31   [曲线150] CPU 65.0°C GPU 47.0°C  fan 2925/2902 RPM  pwm 140/140
   {"t": 1790342491.8, "cpu": 65.0, "gpu": 47.0, "fan1": 2925, "fan2": 2902, "pwm1": 140, "pwm2": 140, "phase": "曲线150"}
21:21:32   [曲线150] CPU 65.0°C GPU 47.0°C  fan 2933/2902 RPM  pwm 140/140
   {"t": 1790342492.9, "cpu": 65.0, "gpu": 47.0, "fan1": 2933, "fan2": 2902, "pwm1": 140, "pwm2": 140, "phase": "曲线150"}
21:21:34   [曲线150] CPU 65.0°C GPU 47.0°C  fan 2933/2909 RPM  pwm 140/140
   {"t": 1790342494.0, "cpu": 65.0, "gpu": 47.0, "fan1": 2933, "fan2": 2909, "pwm1": 140, "pwm2": 140, "phase": "曲线150"}
21:21:35   [曲线150] CPU 65.0°C GPU 47.0°C  fan 2937/2913 RPM  pwm 140/140
   {"t": 1790342495.1, "cpu": 65.0, "gpu": 47.0, "fan1": 2937, "fan2": 2913, "pwm1": 140, "pwm2": 140, "phase": "曲线150"}
21:21:36   [曲线150] CPU 65.0°C GPU 47.0°C  fan 2929/2902 RPM  pwm 140/140
   {"t": 1790342496.2, "cpu": 65.0, "gpu": 47.0, "fan1": 2929, "fan2": 2902, "pwm1": 140, "pwm2": 140, "phase": "曲线150"}
21:21:37   [曲线150] CPU 65.0°C GPU 47.0°C  fan 2933/2905 RPM  pwm 140/140
   {"t": 1790342497.3, "cpu": 65.0, "gpu": 47.0, "fan1": 2933, "fan2": 2905, "pwm1": 140, "pwm2": 140, "phase": "曲线150"}
21:21:38   [曲线150] CPU 65.0°C GPU 47.0°C  fan 2929/2905 RPM  pwm 140/140
   {"t": 1790342498.4, "cpu": 65.0, "gpu": 47.0, "fan1": 2929, "fan2": 2905, "pwm1": 140, "pwm2": 140, "phase": "曲线150"}
21:21:39   [曲线150] CPU 65.0°C GPU 47.0°C  fan 2929/2909 RPM  pwm 140/140
   {"t": 1790342499.5, "cpu": 65.0, "gpu": 47.0, "fan1": 2929, "fan2": 2909, "pwm1": 140, "pwm2": 140, "phase": "曲线150"}
21:21:40    末 3 秒 hwmon pwm: CPU 140 GPU 140 (期望 191); EC 0x1804=110 0x1809=110
21:21:40 == 恢复基线
21:21:47    读回校验: 一致 
21:21:47    看门狗已取消
21:21:47   [恢复后] CPU 65.0°C GPU 47.0°C  fan 2929/2902 RPM  pwm 140/140
   {"t": 1790342507.8, "cpu": 65.0, "gpu": 47.0, "fan1": 2929, "fan2": 2902, "pwm1": 140, "pwm2": 140, "phase": "恢复后"}
21:21:48   [恢复后] CPU 65.0°C GPU 47.0°C  fan 2929/2902 RPM  pwm 140/140
   {"t": 1790342508.9, "cpu": 65.0, "gpu": 47.0, "fan1": 2929, "fan2": 2902, "pwm1": 140, "pwm2": 140, "phase": "恢复后"}
21:21:50   [恢复后] CPU 65.0°C GPU 47.0°C  fan 2933/2902 RPM  pwm 140/140
   {"t": 1790342510.0, "cpu": 65.0, "gpu": 47.0, "fan1": 2933, "fan2": 2902, "pwm1": 140, "pwm2": 140, "phase": "恢复后"}
21:21:51   [恢复后] CPU 65.0°C GPU 47.0°C  fan 2925/2902 RPM  pwm 140/140
   {"t": 1790342511.1, "cpu": 65.0, "gpu": 47.0, "fan1": 2925, "fan2": 2902, "pwm1": 140, "pwm2": 140, "phase": "恢复后"}
21:21:52   [恢复后] CPU 65.0°C GPU 47.0°C  fan 2933/2905 RPM  pwm 140/140
   {"t": 1790342512.2, "cpu": 65.0, "gpu": 47.0, "fan1": 2933, "fan2": 2905, "pwm1": 140, "pwm2": 140, "phase": "恢复后"}
21:21:53   [恢复后] CPU 65.0°C GPU 47.0°C  fan 2929/2902 RPM  pwm 140/140
   {"t": 1790342513.3, "cpu": 65.0, "gpu": 47.0, "fan1": 2929, "fan2": 2902, "pwm1": 140, "pwm2": 140, "phase": "恢复后"}
21:21:54   [恢复后] CPU 65.0°C GPU 47.0°C  fan 2929/2902 RPM  pwm 140/140
   {"t": 1790342514.4, "cpu": 65.0, "gpu": 47.0, "fan1": 2929, "fan2": 2902, "pwm1": 140, "pwm2": 140, "phase": "恢复后"}
21:21:55   [恢复后] CPU 65.0°C GPU 47.0°C  fan 2925/2902 RPM  pwm 140/140
   {"t": 1790342515.5, "cpu": 65.0, "gpu": 47.0, "fan1": 2925, "fan2": 2902, "pwm1": 140, "pwm2": 140, "phase": "恢复后"}
21:21:56 结果: {"speed_value": 150, "split": 0, "cpu_pwm": 140, "gpu_pwm": 140, "restored": true}
