21:06:05 写入通道 wmi; 基线已保存 /var/lib/mrvd/fan-table-baseline.json
   {"kind": "direct", "time": "2026-09-25 21:06:05", "via": "wmi", "mode": 160, "fan1": 110, "fan2": 110}
21:06:05 看门狗 pid=1035700: 90s 后无条件恢复
21:06:05 == 基线观测
21:06:05   [基线] CPU 65.0°C GPU 47.0°C  fan 2929/2905 RPM  pwm 140/140
   {"t": 1790341565.5, "cpu": 65.0, "gpu": 47.0, "fan1": 2929, "fan2": 2905, "pwm1": 140, "pwm2": 140, "phase": "基线"}
21:06:06   [基线] CPU 65.0°C GPU 47.0°C  fan 2933/2902 RPM  pwm 140/140
   {"t": 1790341566.6, "cpu": 65.0, "gpu": 47.0, "fan1": 2933, "fan2": 2902, "pwm1": 140, "pwm2": 140, "phase": "基线"}
21:06:07   [基线] CPU 65.0°C GPU 47.0°C  fan 2933/2894 RPM  pwm 140/140
   {"t": 1790341567.7, "cpu": 65.0, "gpu": 47.0, "fan1": 2933, "fan2": 2894, "pwm1": 140, "pwm2": 140, "phase": "基线"}
21:06:08   [基线] CPU 65.0°C GPU 47.0°C  fan 2933/2894 RPM  pwm 140/140
   {"t": 1790341568.8, "cpu": 65.0, "gpu": 47.0, "fan1": 2933, "fan2": 2894, "pwm1": 140, "pwm2": 140, "phase": "基线"}
21:06:09 == 阶段 1: 置 0x0751 bit6 (全速模式)
21:06:10   [全速模式] CPU 65.0°C GPU 47.0°C  fan 2937/2909 RPM  pwm 140/140
   {"t": 1790341570.0, "cpu": 65.0, "gpu": 47.0, "fan1": 2937, "fan2": 2909, "pwm1": 140, "pwm2": 140, "phase": "全速模式"}
21:06:11   [全速模式] CPU 65.0°C GPU 47.0°C  fan 2929/2898 RPM  pwm 255/255
   {"t": 1790341571.1, "cpu": 65.0, "gpu": 47.0, "fan1": 2929, "fan2": 2898, "pwm1": 255, "pwm2": 255, "phase": "全速模式"}
21:06:12   [全速模式] CPU 65.0°C GPU 47.0°C  fan 4607/4637 RPM  pwm 255/255
   {"t": 1790341572.2, "cpu": 65.0, "gpu": 47.0, "fan1": 4607, "fan2": 4637, "pwm1": 255, "pwm2": 255, "phase": "全速模式"}
21:06:13   [全速模式] CPU 65.0°C GPU 47.0°C  fan 4697/4647 RPM  pwm 255/255
   {"t": 1790341573.3, "cpu": 65.0, "gpu": 47.0, "fan1": 4697, "fan2": 4647, "pwm1": 255, "pwm2": 255, "phase": "全速模式"}
21:06:14   [全速模式] CPU 65.0°C GPU 47.0°C  fan 4687/4627 RPM  pwm 255/255
   {"t": 1790341574.4, "cpu": 65.0, "gpu": 47.0, "fan1": 4687, "fan2": 4627, "pwm1": 255, "pwm2": 255, "phase": "全速模式"}
21:06:15   [全速模式] CPU 65.0°C GPU 47.0°C  fan 4687/4617 RPM  pwm 255/255
   {"t": 1790341575.5, "cpu": 65.0, "gpu": 47.0, "fan1": 4687, "fan2": 4617, "pwm1": 255, "pwm2": 255, "phase": "全速模式"}
21:06:16   [全速模式] CPU 65.0°C GPU 47.0°C  fan 4697/4617 RPM  pwm 255/255
   {"t": 1790341576.6, "cpu": 65.0, "gpu": 47.0, "fan1": 4697, "fan2": 4617, "pwm1": 255, "pwm2": 255, "phase": "全速模式"}
21:06:17   [全速模式] CPU 65.0°C GPU 47.0°C  fan 4687/4617 RPM  pwm 255/255
   {"t": 1790341577.8, "cpu": 65.0, "gpu": 47.0, "fan1": 4687, "fan2": 4617, "pwm1": 255, "pwm2": 255, "phase": "全速模式"}
21:06:18    主风扇 2932 -> 4690 RPM, EC 0x1804=200 0x1809=200
21:06:18 == 写 0x1804 / 0x1809 = 170 (期望 hwmon pwm≈217)
21:06:19 !! 中止: 读回不一致 0x1804: 写 0xAA 读 0xC8
21:06:19 == 恢复基线
21:06:19    读回校验: 一致 {'mode': 160}
21:06:19    看门狗已取消
21:06:19   [恢复后] CPU 64.0°C GPU 46.0°C  fan 4687/4617 RPM  pwm 140/140
   {"t": 1790341579.4, "cpu": 64.0, "gpu": 46.0, "fan1": 4687, "fan2": 4617, "pwm1": 140, "pwm2": 140, "phase": "恢复后"}
21:06:20   [恢复后] CPU 64.0°C GPU 46.0°C  fan 4037/3483 RPM  pwm 140/140
   {"t": 1790341580.5, "cpu": 64.0, "gpu": 46.0, "fan1": 4037, "fan2": 3483, "pwm1": 140, "pwm2": 140, "phase": "恢复后"}
21:06:21   [恢复后] CPU 64.0°C GPU 46.0°C  fan 2957/2925 RPM  pwm 140/140
   {"t": 1790341581.6, "cpu": 64.0, "gpu": 46.0, "fan1": 2957, "fan2": 2925, "pwm1": 140, "pwm2": 140, "phase": "恢复后"}
21:06:22   [恢复后] CPU 64.0°C GPU 46.0°C  fan 2921/2894 RPM  pwm 137/137
   {"t": 1790341582.7, "cpu": 64.0, "gpu": 46.0, "fan1": 2921, "fan2": 2894, "pwm1": 137, "pwm2": 137, "phase": "恢复后"}
21:06:23   [恢复后] CPU 64.0°C GPU 46.0°C  fan 2844/2800 RPM  pwm 133/133
   {"t": 1790341583.8, "cpu": 64.0, "gpu": 46.0, "fan1": 2844, "fan2": 2800, "pwm1": 133, "pwm2": 133, "phase": "恢复后"}
21:06:24   [恢复后] CPU 64.0°C GPU 46.0°C  fan 2796/2771 RPM  pwm 132/132
   {"t": 1790341584.9, "cpu": 64.0, "gpu": 46.0, "fan1": 2796, "fan2": 2771, "pwm1": 132, "pwm2": 132, "phase": "恢复后"}
21:06:26   [恢复后] CPU 64.0°C GPU 46.0°C  fan 2796/2767 RPM  pwm 132/132
   {"t": 1790341586.0, "cpu": 64.0, "gpu": 46.0, "fan1": 2796, "fan2": 2767, "pwm1": 132, "pwm2": 132, "phase": "恢复后"}
21:06:27   [恢复后] CPU 64.0°C GPU 46.0°C  fan 2796/2775 RPM  pwm 132/132
   {"t": 1790341587.1, "cpu": 64.0, "gpu": 46.0, "fan1": 2796, "fan2": 2775, "pwm1": 132, "pwm2": 132, "phase": "恢复后"}
21:06:28 结果: {"fullfan_effective": true, "pwm170_follows": null, "pwm130_follows": null, "restored": true}
