21:22:45 写入通道 wmi; 基线已保存 /var/lib/mrvd/fan-table-baseline.json
   {"kind": "level", "time": "2026-09-25 21:22:45", "via": "wmi", "mode": 160}
21:22:45 看门狗 pid=1089653: 90s 后无条件恢复
21:22:45 == 基线观测 (0x0751=0xA0)
21:22:45   [基线] CPU 65.0°C GPU 47.0°C  fan 2937/2905 RPM  pwm 140/140
   {"t": 1790342565.9, "cpu": 65.0, "gpu": 47.0, "fan1": 2937, "fan2": 2905, "pwm1": 140, "pwm2": 140, "phase": "基线"}
21:22:47   [基线] CPU 65.0°C GPU 47.0°C  fan 2929/2902 RPM  pwm 140/140
   {"t": 1790342567.0, "cpu": 65.0, "gpu": 47.0, "fan1": 2929, "fan2": 2902, "pwm1": 140, "pwm2": 140, "phase": "基线"}
21:22:48   [基线] CPU 65.0°C GPU 47.0°C  fan 2933/2905 RPM  pwm 140/140
   {"t": 1790342568.1, "cpu": 65.0, "gpu": 47.0, "fan1": 2933, "fan2": 2905, "pwm1": 140, "pwm2": 140, "phase": "基线"}
21:22:49   [基线] CPU 65.0°C GPU 47.0°C  fan 2933/2913 RPM  pwm 140/140
   {"t": 1790342569.1, "cpu": 65.0, "gpu": 47.0, "fan1": 2933, "fan2": 2913, "pwm1": 140, "pwm2": 140, "phase": "基线"}
21:22:50 == FAN_LEVEL=7: 写 0x0751=0xA7
21:22:50   [等级7] CPU 65.0°C GPU 47.0°C  fan 2929/2905 RPM  pwm 140/140
   {"t": 1790342570.3, "cpu": 65.0, "gpu": 47.0, "fan1": 2929, "fan2": 2905, "pwm1": 140, "pwm2": 140, "phase": "等级7"}
21:22:51   [等级7] CPU 65.0°C GPU 47.0°C  fan 2937/2909 RPM  pwm 140/140
   {"t": 1790342571.4, "cpu": 65.0, "gpu": 47.0, "fan1": 2937, "fan2": 2909, "pwm1": 140, "pwm2": 140, "phase": "等级7"}
21:22:52   [等级7] CPU 65.0°C GPU 47.0°C  fan 2933/2902 RPM  pwm 140/140
   {"t": 1790342572.5, "cpu": 65.0, "gpu": 47.0, "fan1": 2933, "fan2": 2902, "pwm1": 140, "pwm2": 140, "phase": "等级7"}
21:22:53   [等级7] CPU 65.0°C GPU 47.0°C  fan 2933/2898 RPM  pwm 140/140
   {"t": 1790342573.6, "cpu": 65.0, "gpu": 47.0, "fan1": 2933, "fan2": 2898, "pwm1": 140, "pwm2": 140, "phase": "等级7"}
21:22:54   [等级7] CPU 65.0°C GPU 47.0°C  fan 2937/2902 RPM  pwm 140/140
   {"t": 1790342574.7, "cpu": 65.0, "gpu": 47.0, "fan1": 2937, "fan2": 2902, "pwm1": 140, "pwm2": 140, "phase": "等级7"}
21:22:55   [等级7] CPU 65.0°C GPU 47.0°C  fan 2929/2902 RPM  pwm 140/140
   {"t": 1790342575.8, "cpu": 65.0, "gpu": 47.0, "fan1": 2929, "fan2": 2902, "pwm1": 140, "pwm2": 140, "phase": "等级7"}
21:22:56 == FAN_LEVEL=4: 写 0x0751=0xA4
21:22:57   [等级4] CPU 65.0°C GPU 47.0°C  fan 2933/2902 RPM  pwm 140/140
   {"t": 1790342576.9, "cpu": 65.0, "gpu": 47.0, "fan1": 2933, "fan2": 2902, "pwm1": 140, "pwm2": 140, "phase": "等级4"}
21:22:58   [等级4] CPU 65.0°C GPU 47.0°C  fan 2937/2905 RPM  pwm 140/140
   {"t": 1790342578.0, "cpu": 65.0, "gpu": 47.0, "fan1": 2937, "fan2": 2905, "pwm1": 140, "pwm2": 140, "phase": "等级4"}
21:22:59   [等级4] CPU 65.0°C GPU 47.0°C  fan 2933/2902 RPM  pwm 140/140
   {"t": 1790342579.1, "cpu": 65.0, "gpu": 47.0, "fan1": 2933, "fan2": 2902, "pwm1": 140, "pwm2": 140, "phase": "等级4"}
21:23:00   [等级4] CPU 65.0°C GPU 47.0°C  fan 2929/2909 RPM  pwm 140/140
   {"t": 1790342580.2, "cpu": 65.0, "gpu": 47.0, "fan1": 2929, "fan2": 2909, "pwm1": 140, "pwm2": 140, "phase": "等级4"}
21:23:01   [等级4] CPU 65.0°C GPU 47.0°C  fan 2929/2909 RPM  pwm 140/140
   {"t": 1790342581.3, "cpu": 65.0, "gpu": 47.0, "fan1": 2929, "fan2": 2909, "pwm1": 140, "pwm2": 140, "phase": "等级4"}
21:23:02   [等级4] CPU 65.0°C GPU 47.0°C  fan 2933/2909 RPM  pwm 140/140
   {"t": 1790342582.5, "cpu": 65.0, "gpu": 47.0, "fan1": 2933, "fan2": 2909, "pwm1": 140, "pwm2": 140, "phase": "等级4"}
21:23:03 == FAN_LEVEL=1: 写 0x0751=0xA1
21:23:03   [等级1] CPU 65.0°C GPU 47.0°C  fan 2933/2905 RPM  pwm 140/140
   {"t": 1790342583.6, "cpu": 65.0, "gpu": 47.0, "fan1": 2933, "fan2": 2905, "pwm1": 140, "pwm2": 140, "phase": "等级1"}
21:23:04   [等级1] CPU 65.0°C GPU 47.0°C  fan 2929/2909 RPM  pwm 140/140
   {"t": 1790342584.7, "cpu": 65.0, "gpu": 47.0, "fan1": 2929, "fan2": 2909, "pwm1": 140, "pwm2": 140, "phase": "等级1"}
21:23:05   [等级1] CPU 65.0°C GPU 47.0°C  fan 2937/2905 RPM  pwm 140/140
   {"t": 1790342585.8, "cpu": 65.0, "gpu": 47.0, "fan1": 2937, "fan2": 2905, "pwm1": 140, "pwm2": 140, "phase": "等级1"}
21:23:07   [等级1] CPU 65.0°C GPU 47.0°C  fan 2933/2905 RPM  pwm 140/140
   {"t": 1790342586.9, "cpu": 65.0, "gpu": 47.0, "fan1": 2933, "fan2": 2905, "pwm1": 140, "pwm2": 140, "phase": "等级1"}
21:23:08   [等级1] CPU 65.0°C GPU 47.0°C  fan 2929/2898 RPM  pwm 140/140
   {"t": 1790342588.0, "cpu": 65.0, "gpu": 47.0, "fan1": 2929, "fan2": 2898, "pwm1": 140, "pwm2": 140, "phase": "等级1"}
21:23:09   [等级1] CPU 65.0°C GPU 47.0°C  fan 2937/2905 RPM  pwm 140/140
   {"t": 1790342589.1, "cpu": 65.0, "gpu": 47.0, "fan1": 2937, "fan2": 2905, "pwm1": 140, "pwm2": 140, "phase": "等级1"}
21:23:10 == 恢复基线
21:23:10    读回校验: 一致 
21:23:10    看门狗已取消
21:23:10   [恢复后] CPU 65.0°C GPU 47.0°C  fan 2925/2909 RPM  pwm 140/140
   {"t": 1790342590.3, "cpu": 65.0, "gpu": 47.0, "fan1": 2925, "fan2": 2909, "pwm1": 140, "pwm2": 140, "phase": "恢复后"}
21:23:11   [恢复后] CPU 65.0°C GPU 47.0°C  fan 2929/2902 RPM  pwm 140/140
   {"t": 1790342591.4, "cpu": 65.0, "gpu": 47.0, "fan1": 2929, "fan2": 2902, "pwm1": 140, "pwm2": 140, "phase": "恢复后"}
21:23:12   [恢复后] CPU 65.0°C GPU 47.0°C  fan 2929/2909 RPM  pwm 140/140
   {"t": 1790342592.5, "cpu": 65.0, "gpu": 47.0, "fan1": 2929, "fan2": 2909, "pwm1": 140, "pwm2": 140, "phase": "恢复后"}
21:23:13   [恢复后] CPU 65.0°C GPU 47.0°C  fan 2929/2902 RPM  pwm 140/140
   {"t": 1790342593.6, "cpu": 65.0, "gpu": 47.0, "fan1": 2929, "fan2": 2902, "pwm1": 140, "pwm2": 140, "phase": "恢复后"}
21:23:14   [恢复后] CPU 65.0°C GPU 47.0°C  fan 2937/2905 RPM  pwm 140/140
   {"t": 1790342594.7, "cpu": 65.0, "gpu": 47.0, "fan1": 2937, "fan2": 2905, "pwm1": 140, "pwm2": 140, "phase": "恢复后"}
21:23:15   [恢复后] CPU 65.0°C GPU 47.0°C  fan 2933/2898 RPM  pwm 140/140
   {"t": 1790342595.8, "cpu": 65.0, "gpu": 47.0, "fan1": 2933, "fan2": 2898, "pwm1": 140, "pwm2": 140, "phase": "恢复后"}
21:23:16   [恢复后] CPU 65.0°C GPU 47.0°C  fan 2929/2902 RPM  pwm 140/140
   {"t": 1790342596.9, "cpu": 65.0, "gpu": 47.0, "fan1": 2929, "fan2": 2902, "pwm1": 140, "pwm2": 140, "phase": "恢复后"}
21:23:18   [恢复后] CPU 65.0°C GPU 47.0°C  fan 2929/2905 RPM  pwm 140/140
   {"t": 1790342598.0, "cpu": 65.0, "gpu": 47.0, "fan1": 2929, "fan2": 2905, "pwm1": 140, "pwm2": 140, "phase": "恢复后"}
21:23:19 结果: {"base_mode": "0xA0", "levels": {"base": 140, "7": {"pwm1": 140, "pwm2": 140, "fan1": 2933}, "4": {"pwm1": 140, "pwm2": 140, "fan1": 2931}, "1": {"pwm1": 140, "pwm2": 140, "fan1": 2933}}, "restored": true}
